{
    "Id": "9902d6a2-114f-42f2-8a95-9decbd89d0cb",
    "Name": "Some project"
}